Godot Engine v4.7.2.stable.steam.ed1daf0bf - https://godotengine.org

RUN res://tests/test_sector08_runtime.gd::test_sector_lookdev_resources_load
RUN res://tests/test_sector08_runtime.gd::test_imported_extras_and_vertex_channels_are_auditable
SCRIPT ERROR: Parse Error: Could not find type "HealthComponent" in the current scope.
          at: GDScript::reload (res://tests/test_vertical_slice.gd:5)
          GDScript backtrace (most recent call first):
              [0] run (/tmp/run_sector_suites.gd:6)
SCRIPT ERROR: Parse Error: Identifier "HealthComponent" not declared in the current scope.
          at: GDScript::reload (res://tests/test_vertical_slice.gd:5)
          GDScript backtrace (most recent call first):
              [0] run (/tmp/run_sector_suites.gd:6)
SCRIPT ERROR: Parse Error: Could not find type "ProgramInstruction" in the current scope.
          at: GDScript::reload (res://tests/test_vertical_slice.gd:19)
          GDScript backtrace (most recent call first):
              [0] run (/tmp/run_sector_suites.gd:6)
SCRIPT ERROR: Parse Error: Identifier "ProgramInstruction" not declared in the current scope.
          at: GDScript::reload (res://tests/test_vertical_slice.gd:19)
          GDScript backtrace (most recent call first):
              [0] run (/tmp/run_sector_suites.gd:6)
SCRIPT ERROR: Parse Error: Identifier "ProgramInstruction" not declared in the current scope.
          at: GDScript::reload (res://tests/test_vertical_slice.gd:20)
          GDScript backtrace (most recent call first):
              [0] run (/tmp/run_sector_suites.gd:6)
SCRIPT ERROR: Parse Error: Identifier "ProgramInstruction" not declared in the current scope.
          at: GDScript::reload (res://tests/test_vertical_slice.gd:21)
          GDScript backtrace (most recent call first):
              [0] run (/tmp/run_sector_suites.gd:6)
SCRIPT ERROR: Parse Error: Identifier "ProgramInstruction" not declared in the current scope.
          at: GDScript::reload (res://tests/test_vertical_slice.gd:22)
          GDScript backtrace (most recent call first):
              [0] run (/tmp/run_sector_suites.gd:6)
SCRIPT ERROR: Parse Error: Identifier "ProgramInstruction" not declared in the current scope.
          at: GDScript::reload (res://tests/test_vertical_slice.gd:23)
          GDScript backtrace (most recent call first):
              [0] run (/tmp/run_sector_suites.gd:6)
SCRIPT ERROR: Parse Error: Could not find type "ProgramInstruction" in the current scope.
          at: GDScript::reload (res://tests/test_vertical_slice.gd:24)
          GDScript backtrace (most recent call first):
              [0] run (/tmp/run_sector_suites.gd:6)
SCRIPT ERROR: Parse Error: Identifier "ProgramInstruction" not declared in the current scope.
          at: GDScript::reload (res://tests/test_vertical_slice.gd:24)
          GDScript backtrace (most recent call first):
              [0] run (/tmp/run_sector_suites.gd:6)
SCRIPT ERROR: Parse Error: Identifier "ProgramInstruction" not declared in the current scope.
          at: GDScript::reload (res://tests/test_vertical_slice.gd:25)
          GDScript backtrace (most recent call first):
              [0] run (/tmp/run_sector_suites.gd:6)
SCRIPT ERROR: Parse Error: Identifier "ProgramInstruction" not declared in the current scope.
          at: GDScript::reload (res://tests/test_vertical_slice.gd:26)
          GDScript backtrace (most recent call first):
              [0] run (/tmp/run_sector_suites.gd:6)
ERROR: Failed to load script "res://tests/test_vertical_slice.gd" with error "Parse error".
   at: load (modules/gdscript/gdscript_resource_format.cpp:46)
   GDScript backtrace (most recent call first):
       [0] run (/tmp/run_sector_suites.gd:6)
SCRIPT ERROR: Invalid call. Nonexistent function 'new' in base 'GDScript'.
          at: run (/tmp/run_sector_suites.gd:6)
          GDScript backtrace (most recent call first):
              [0] run (/tmp/run_sector_suites.gd:6)
